../Core/Src/LCD_Driver.c:33:6:LCD_GPIO_Init	56	static
../Core/Src/LCD_Driver.c:89:6:LTCD_Layer_Init	72	static
../Core/Src/LCD_Driver.c:116:6:clearScreen	8	static
../Core/Src/LCD_Driver.c:121:6:LTCD__Init	8	static
../Core/Src/LCD_Driver.c:166:6:LCD_Draw_Pixel	16	static
../Core/Src/LCD_Driver.c:173:6:LCD_Draw_Circle_Fill	32	static
../Core/Src/LCD_Driver.c:187:6:LCD_Draw_Block	24	static
../Core/Src/LCD_Driver.c:194:6:DrawGrid	16	static
../Core/Src/LCD_Driver.c:204:6:Draw_Grid	24	static
../Core/Src/LCD_Driver.c:217:6:LCD_Draw_Vertical_Line	32	static
../Core/Src/LCD_Driver.c:225:6:LCD_Draw_Horizontal_Line	32	static
../Core/Src/LCD_Driver.c:233:6:LCD_Clear	24	static
../Core/Src/LCD_Driver.c:244:6:LCD_SetTextColor	16	static
../Core/Src/LCD_Driver.c:250:6:LCD_SetFont	16	static
../Core/Src/LCD_Driver.c:256:6:LCD_Draw_Char	24	static
../Core/Src/LCD_Driver.c:277:6:LCD_DisplayChar	16	static
../Core/Src/LCD_Driver.c:294:6:ResultScreen	24	static
../Core/Src/LCD_Driver.c:321:6:MainMenu	8	static
../Core/Src/LCD_Driver.c:364:6:LCD_Error_Handler	4	static,ignoring_inline_asm
../Core/Src/LCD_Driver.c:379:6:InitializeLCDTouch	8	static
../Core/Src/LCD_Driver.c:387:18:returnTouchStateAndLocation	16	static
../Core/Src/LCD_Driver.c:392:6:DetermineTouchPosition	16	static
../Core/Src/LCD_Driver.c:397:9:ReadRegisterFromTouchModule	16	static
../Core/Src/LCD_Driver.c:402:6:WriteDataToTouchModule	16	static
../Core/Src/LCD_Driver.c:411:6:LCD_Draw_I	24	static
../Core/Src/LCD_Driver.c:436:6:LCD_Draw_Left_L	24	static
../Core/Src/LCD_Driver.c:460:6:LCD_Draw_Right_L	24	static
../Core/Src/LCD_Driver.c:485:6:LCD_Draw_Square	24	static
../Core/Src/LCD_Driver.c:511:6:LCD_Draw_T	24	static
../Core/Src/LCD_Driver.c:536:6:LCD_Draw_Left_S	24	static
../Core/Src/LCD_Driver.c:561:6:LCD_Draw_Right_S	24	static
